// Jest Snapshot v1, https://goo.gl/fbAQLP

exports[`Pruebas sobre <GifGridItem></GifGridItem> debe de mostrar de forma correcta el componente  1`] = `
<div
  className="card animate__animated animate__fadeIn"
>
  <img
    alt="titulo"
    src="https://localhost/imagen.jpg"
  />
  <p>
    titulo
  </p>
</div>
`;
